C:/TouchGFXProjects/JCD/LWIP/Target/ethernetif.c:723:9:ETH_PHY_IO_DeInit	0	static
C:/TouchGFXProjects/JCD/LWIP/Target/ethernetif.c:366:14:low_level_output	64	static
C:/TouchGFXProjects/JCD/LWIP/Target/ethernetif.c:766:9:ETH_PHY_IO_GetTick	0	static
C:/TouchGFXProjects/JCD/LWIP/Target/ethernetif.c:706:9:ETH_PHY_IO_Init	8	static
C:/TouchGFXProjects/JCD/LWIP/Target/ethernetif.c:735:9:ETH_PHY_IO_ReadReg	8	static
C:/TouchGFXProjects/JCD/LWIP/Target/ethernetif.c:752:9:ETH_PHY_IO_WriteReg	8	static
C:/TouchGFXProjects/JCD/LWIP/Target/ethernetif.c:553:6:pbuf_free_custom	8	static
C:/TouchGFXProjects/JCD/LWIP/Target/ethernetif.c:445:6:ethernetif_input	40	static
C:/TouchGFXProjects/JCD/LWIP/Target/ethernetif.c:158:6:HAL_ETH_RxCpltCallback	0	static
C:/TouchGFXProjects/JCD/LWIP/Target/ethernetif.c:167:6:HAL_ETH_TxCpltCallback	0	static
C:/TouchGFXProjects/JCD/LWIP/Target/ethernetif.c:176:6:HAL_ETH_ErrorCallback	8	static
C:/TouchGFXProjects/JCD/LWIP/Target/ethernetif.c:502:7:ethernetif_init	168	static
C:/TouchGFXProjects/JCD/LWIP/Target/ethernetif.c:576:7:sys_now	0	static
C:/TouchGFXProjects/JCD/LWIP/Target/ethernetif.c:589:6:HAL_ETH_MspInit	64	static
C:/TouchGFXProjects/JCD/LWIP/Target/ethernetif.c:656:6:HAL_ETH_MspDeInit	8	static
C:/TouchGFXProjects/JCD/LWIP/Target/ethernetif.c:775:6:ethernet_link_thread	136	static
C:/TouchGFXProjects/JCD/LWIP/Target/ethernetif.c:845:6:HAL_ETH_RxAllocateCallback	16	static
C:/TouchGFXProjects/JCD/LWIP/Target/ethernetif.c:867:6:HAL_ETH_RxLinkCallback	12	static,ignoring_inline_asm
C:/TouchGFXProjects/JCD/LWIP/Target/ethernetif.c:907:6:HAL_ETH_TxFreeCallback	0	static
