C:/TouchGFXProjects/stunning-parakeet/Drivers/BSP/Components/mx25lm51245g/mx25lm51245g.c:62:9:MX25LM51245G_GetFlashInfo	0	static
C:/TouchGFXProjects/stunning-parakeet/Drivers/BSP/Components/mx25lm51245g/mx25lm51245g.c:86:9:MX25LM51245G_AutoPollingMemReady	120	static
C:/TouchGFXProjects/stunning-parakeet/Drivers/BSP/Components/mx25lm51245g/mx25lm51245g.c:147:9:MX25LM51245G_ReadSTR	104	static
C:/TouchGFXProjects/stunning-parakeet/Drivers/BSP/Components/mx25lm51245g/mx25lm51245g.c:202:9:MX25LM51245G_ReadDTR	104	static
C:/TouchGFXProjects/stunning-parakeet/Drivers/BSP/Components/mx25lm51245g/mx25lm51245g.c:253:9:MX25LM51245G_PageProgram	104	static
C:/TouchGFXProjects/stunning-parakeet/Drivers/BSP/Components/mx25lm51245g/mx25lm51245g.c:307:9:MX25LM51245G_PageProgramDTR	104	static
C:/TouchGFXProjects/stunning-parakeet/Drivers/BSP/Components/mx25lm51245g/mx25lm51245g.c:356:9:MX25LM51245G_BlockErase	104	static
C:/TouchGFXProjects/stunning-parakeet/Drivers/BSP/Components/mx25lm51245g/mx25lm51245g.c:430:9:MX25LM51245G_ChipErase	96	static
C:/TouchGFXProjects/stunning-parakeet/Drivers/BSP/Components/mx25lm51245g/mx25lm51245g.c:471:9:MX25LM51245G_EnableSTRMemoryMappedMode	104	static
C:/TouchGFXProjects/stunning-parakeet/Drivers/BSP/Components/mx25lm51245g/mx25lm51245g.c:535:9:MX25LM51245G_EnableDTRMemoryMappedMode	96	static
C:/TouchGFXProjects/stunning-parakeet/Drivers/BSP/Components/mx25lm51245g/mx25lm51245g.c:596:9:MX25LM51245G_Suspend	96	static
C:/TouchGFXProjects/stunning-parakeet/Drivers/BSP/Components/mx25lm51245g/mx25lm51245g.c:637:9:MX25LM51245G_Resume	96	static
C:/TouchGFXProjects/stunning-parakeet/Drivers/BSP/Components/mx25lm51245g/mx25lm51245g.c:679:9:MX25LM51245G_WriteEnable	128	static
C:/TouchGFXProjects/stunning-parakeet/Drivers/BSP/Components/mx25lm51245g/mx25lm51245g.c:750:9:MX25LM51245G_WriteDisable	96	static
C:/TouchGFXProjects/stunning-parakeet/Drivers/BSP/Components/mx25lm51245g/mx25lm51245g.c:792:9:MX25LM51245G_ReadStatusRegister	104	static
C:/TouchGFXProjects/stunning-parakeet/Drivers/BSP/Components/mx25lm51245g/mx25lm51245g.c:908:9:MX25LM51245G_WriteCfgRegister	112	static
C:/TouchGFXProjects/stunning-parakeet/Drivers/BSP/Components/mx25lm51245g/mx25lm51245g.c:975:9:MX25LM51245G_ReadCfgRegister	104	static
C:/TouchGFXProjects/stunning-parakeet/Drivers/BSP/Components/mx25lm51245g/mx25lm51245g.c:845:9:MX25LM51245G_WriteStatusRegister	112	static
C:/TouchGFXProjects/stunning-parakeet/Drivers/BSP/Components/mx25lm51245g/mx25lm51245g.c:1028:9:MX25LM51245G_WriteCfg2Register	104	static
C:/TouchGFXProjects/stunning-parakeet/Drivers/BSP/Components/mx25lm51245g/mx25lm51245g.c:1080:9:MX25LM51245G_ReadCfg2Register	104	static
C:/TouchGFXProjects/stunning-parakeet/Drivers/BSP/Components/mx25lm51245g/mx25lm51245g.c:1133:9:MX25LM51245G_WriteSecurityRegister	96	static
C:/TouchGFXProjects/stunning-parakeet/Drivers/BSP/Components/mx25lm51245g/mx25lm51245g.c:1178:9:MX25LM51245G_ReadSecurityRegister	104	static
C:/TouchGFXProjects/stunning-parakeet/Drivers/BSP/Components/mx25lm51245g/mx25lm51245g.c:1234:9:MX25LM51245G_ReadID	104	static
C:/TouchGFXProjects/stunning-parakeet/Drivers/BSP/Components/mx25lm51245g/mx25lm51245g.c:1287:9:MX25LM51245G_ResetEnable	96	static
C:/TouchGFXProjects/stunning-parakeet/Drivers/BSP/Components/mx25lm51245g/mx25lm51245g.c:1328:9:MX25LM51245G_ResetMemory	96	static
C:/TouchGFXProjects/stunning-parakeet/Drivers/BSP/Components/mx25lm51245g/mx25lm51245g.c:1369:9:MX25LM51245G_NoOperation	96	static
C:/TouchGFXProjects/stunning-parakeet/Drivers/BSP/Components/mx25lm51245g/mx25lm51245g.c:1410:9:MX25LM51245G_EnterPowerDown	96	static
