C:/TouchGFXProjects/JCD/Drivers/BSP/Components/s70kl1281/s70kl1281.c:48:9:S70KL1281_Read	40	static
C:/TouchGFXProjects/JCD/Drivers/BSP/Components/s70kl1281/s70kl1281.c:82:9:S70KL1281_Read_DMA	40	static
C:/TouchGFXProjects/JCD/Drivers/BSP/Components/s70kl1281/s70kl1281.c:116:9:S70KL1281_Write	40	static
C:/TouchGFXProjects/JCD/Drivers/BSP/Components/s70kl1281/s70kl1281.c:150:9:S70KL1281_Write_DMA	40	static
C:/TouchGFXProjects/JCD/Drivers/BSP/Components/s70kl1281/s70kl1281.c:181:9:S70KL1281_EnableMemoryMappedMode	40	static
C:/TouchGFXProjects/JCD/Drivers/BSP/Components/s70kl1281/s70kl1281.c:216:9:S70KL1281_ReadCfgReg0	40	static
C:/TouchGFXProjects/JCD/Drivers/BSP/Components/s70kl1281/s70kl1281.c:248:9:S70KL1281_WriteCfgReg0	64	static
C:/TouchGFXProjects/JCD/Drivers/BSP/Components/s70kl1281/s70kl1281.c:300:9:S70KL1281_ReadCfgReg1	40	static
C:/TouchGFXProjects/JCD/Drivers/BSP/Components/s70kl1281/s70kl1281.c:332:9:S70KL1281_WriteCfgReg1	64	static
C:/TouchGFXProjects/JCD/Drivers/BSP/Components/s70kl1281/s70kl1281.c:386:9:S70KL1281_ReadID	40	static
C:/TouchGFXProjects/JCD/Drivers/BSP/Components/s70kl1281/s70kl1281.c:434:9:S70KL1281_EnterPowerDown	32	static
C:/TouchGFXProjects/JCD/Drivers/BSP/Components/s70kl1281/s70kl1281.c:463:9:S70KL1281_LeavePowerDown	32	static
