C:/TouchGFXProjects/stunning-parakeet/Drivers/BSP/STM32H735G-DK/stm32h735g_discovery_ospi.c:1918:16:OSPI_NOR_EnterSOPIMode.constprop	32	static
C:/TouchGFXProjects/stunning-parakeet/Drivers/BSP/STM32H735G-DK/stm32h735g_discovery_ospi.c:1847:16:OSPI_NOR_EnterDOPIMode.constprop	32	static
C:/TouchGFXProjects/stunning-parakeet/Drivers/BSP/STM32H735G-DK/stm32h735g_discovery_ospi.c:297:26:MX_OSPI_NOR_Init	0	static
C:/TouchGFXProjects/stunning-parakeet/Drivers/BSP/STM32H735G-DK/stm32h735g_discovery_ospi.c:408:9:BSP_OSPI_NOR_Read	32	static
C:/TouchGFXProjects/stunning-parakeet/Drivers/BSP/STM32H735G-DK/stm32h735g_discovery_ospi.c:447:9:BSP_OSPI_NOR_Write	40	static
C:/TouchGFXProjects/stunning-parakeet/Drivers/BSP/STM32H735G-DK/stm32h735g_discovery_ospi.c:535:9:BSP_OSPI_NOR_Erase_Block	24	static
C:/TouchGFXProjects/stunning-parakeet/Drivers/BSP/STM32H735G-DK/stm32h735g_discovery_ospi.c:574:9:BSP_OSPI_NOR_Erase_Chip	8	static
C:/TouchGFXProjects/stunning-parakeet/Drivers/BSP/STM32H735G-DK/stm32h735g_discovery_ospi.c:613:9:BSP_OSPI_NOR_GetStatus	16	static
C:/TouchGFXProjects/stunning-parakeet/Drivers/BSP/STM32H735G-DK/stm32h735g_discovery_ospi.c:661:9:BSP_OSPI_NOR_GetInfo	8	static
C:/TouchGFXProjects/stunning-parakeet/Drivers/BSP/STM32H735G-DK/stm32h735g_discovery_ospi.c:684:9:BSP_OSPI_NOR_EnableMemoryMappedMode	8	static
C:/TouchGFXProjects/stunning-parakeet/Drivers/BSP/STM32H735G-DK/stm32h735g_discovery_ospi.c:729:9:BSP_OSPI_NOR_DisableMemoryMappedMode	8	static
C:/TouchGFXProjects/stunning-parakeet/Drivers/BSP/STM32H735G-DK/stm32h735g_discovery_ospi.c:251:9:BSP_OSPI_NOR_DeInit	8	static
C:/TouchGFXProjects/stunning-parakeet/Drivers/BSP/STM32H735G-DK/stm32h735g_discovery_ospi.c:766:9:BSP_OSPI_NOR_ReadID	8	static
C:/TouchGFXProjects/stunning-parakeet/Drivers/BSP/STM32H735G-DK/stm32h735g_discovery_ospi.c:797:9:BSP_OSPI_NOR_ConfigFlash	40	static
C:/TouchGFXProjects/stunning-parakeet/Drivers/BSP/STM32H735G-DK/stm32h735g_discovery_ospi.c:879:9:BSP_OSPI_NOR_SuspendErase	8	static
C:/TouchGFXProjects/stunning-parakeet/Drivers/BSP/STM32H735G-DK/stm32h735g_discovery_ospi.c:915:9:BSP_OSPI_NOR_ResumeErase	8	static
C:/TouchGFXProjects/stunning-parakeet/Drivers/BSP/STM32H735G-DK/stm32h735g_discovery_ospi.c:1085:26:MX_OSPI_ClockConfig	192	static
C:/TouchGFXProjects/stunning-parakeet/Drivers/BSP/STM32H735G-DK/stm32h735g_discovery_ospi.c:167:9:BSP_OSPI_NOR_Init	136	static,ignoring_inline_asm
C:/TouchGFXProjects/stunning-parakeet/Drivers/BSP/STM32H735G-DK/stm32h735g_discovery_ospi.c:1115:26:MX_OSPI_RAM_Init	32	static
C:/TouchGFXProjects/stunning-parakeet/Drivers/BSP/STM32H735G-DK/stm32h735g_discovery_ospi.c:1232:9:BSP_OSPI_RAM_Read	8	static
C:/TouchGFXProjects/stunning-parakeet/Drivers/BSP/STM32H735G-DK/stm32h735g_discovery_ospi.c:1265:9:BSP_OSPI_RAM_Read_DMA	8	static
C:/TouchGFXProjects/stunning-parakeet/Drivers/BSP/STM32H735G-DK/stm32h735g_discovery_ospi.c:1298:9:BSP_OSPI_RAM_Write	8	static
C:/TouchGFXProjects/stunning-parakeet/Drivers/BSP/STM32H735G-DK/stm32h735g_discovery_ospi.c:1331:9:BSP_OSPI_RAM_Write_DMA	8	static
C:/TouchGFXProjects/stunning-parakeet/Drivers/BSP/STM32H735G-DK/stm32h735g_discovery_ospi.c:1361:9:BSP_OSPI_RAM_EnableMemoryMappedMode	8	static
C:/TouchGFXProjects/stunning-parakeet/Drivers/BSP/STM32H735G-DK/stm32h735g_discovery_ospi.c:1392:9:BSP_OSPI_RAM_DisableMemoryMappedMode	8	static
C:/TouchGFXProjects/stunning-parakeet/Drivers/BSP/STM32H735G-DK/stm32h735g_discovery_ospi.c:1034:9:BSP_OSPI_RAM_DeInit	8	static
C:/TouchGFXProjects/stunning-parakeet/Drivers/BSP/STM32H735G-DK/stm32h735g_discovery_ospi.c:1433:9:BSP_OSPI_RAM_ConfigHyperRAM	48	static
C:/TouchGFXProjects/stunning-parakeet/Drivers/BSP/STM32H735G-DK/stm32h735g_discovery_ospi.c:965:9:BSP_OSPI_RAM_Init	104	static,ignoring_inline_asm
C:/TouchGFXProjects/stunning-parakeet/Drivers/BSP/STM32H735G-DK/stm32h735g_discovery_ospi.c:1579:9:BSP_OSPI_RAM_EnterDeepPowerDown	8	static
C:/TouchGFXProjects/stunning-parakeet/Drivers/BSP/STM32H735G-DK/stm32h735g_discovery_ospi.c:1614:9:BSP_OSPI_RAM_LeaveDeepPowerDown	8	static
C:/TouchGFXProjects/stunning-parakeet/Drivers/BSP/STM32H735G-DK/stm32h735g_discovery_ospi.c:1644:6:BSP_OSPI_RAM_DMA_IRQHandler	0	static
C:/TouchGFXProjects/stunning-parakeet/Drivers/BSP/STM32H735G-DK/stm32h735g_discovery_ospi.c:1654:6:BSP_OSPI_RAM_IRQHandler	0	static
