../../Middlewares/ST/touchgfx/framework/include/touchgfx/hal/HAL.hpp:124:18:virtual void touchgfx::HAL::setDisplayOrientation(touchgfx::DisplayOrientation)	0	static
../../Middlewares/ST/touchgfx/framework/include/touchgfx/hal/HAL.hpp:670:18:virtual bool touchgfx::HAL::sampleKey(uint8_t&)	0	static
../../Middlewares/ST/touchgfx/framework/include/touchgfx/hal/HAL.hpp:737:18:virtual void touchgfx::HAL::setAnimationStorage(void*)	0	static
../../Middlewares/ST/touchgfx/framework/include/touchgfx/hal/HAL.hpp:876:30:virtual touchgfx::FlashDataReader* touchgfx::HAL::getFlashDataReader() const	0	static
../../Middlewares/ST/touchgfx/framework/include/touchgfx/hal/HAL.hpp:1025:18:virtual void touchgfx::HAL::taskDelay(uint16_t)	0	static
../../Middlewares/ST/touchgfx/framework/include/touchgfx/hal/HAL.hpp:1052:22:virtual uint16_t touchgfx::HAL::getTFTCurrentLine()	0	static
../../Middlewares/ST/touchgfx/framework/include/touchgfx/hal/HAL.hpp:1063:21:virtual touchgfx::DMAType touchgfx::HAL::getDMAType()	0	static
../../TouchGFX/target/TouchGFXHAL.hpp:35:7:TouchGFXHAL::~TouchGFXHAL()	0	static
C:/TouchGFXProjects/MyApplication/TouchGFX/target/TouchGFXHAL.cpp:40:6:virtual void TouchGFXHAL::initialize()	16	static
C:/TouchGFXProjects/MyApplication/TouchGFX/target/TouchGFXHAL.cpp:57:6:virtual void TouchGFXHAL::taskEntry()	8	static
../../Middlewares/ST/touchgfx/framework/include/touchgfx/hal/HAL.hpp:638:18:virtual void touchgfx::HAL::backPorchExited()	8	static
C:/TouchGFXProjects/MyApplication/TouchGFX/target/TouchGFXHAL.cpp:82:11:virtual uint16_t* TouchGFXHAL::getTFTFrameBuffer() const	0	static
C:/TouchGFXProjects/MyApplication/TouchGFX/target/TouchGFXHAL.cpp:97:6:virtual void TouchGFXHAL::setTFTFrameBuffer(uint16_t*)	0	static
C:/TouchGFXProjects/MyApplication/TouchGFX/target/TouchGFXHAL.cpp:114:6:virtual void TouchGFXHAL::flushFrameBuffer(const touchgfx::Rect&)	16	static,ignoring_inline_asm
C:/TouchGFXProjects/MyApplication/TouchGFX/target/TouchGFXHAL.cpp:136:6:virtual void TouchGFXHAL::configureInterrupts()	0	static
C:/TouchGFXProjects/MyApplication/TouchGFX/target/TouchGFXHAL.cpp:149:6:virtual void TouchGFXHAL::enableInterrupts()	0	static
C:/TouchGFXProjects/MyApplication/TouchGFX/target/TouchGFXHAL.cpp:162:6:virtual void TouchGFXHAL::disableInterrupts()	0	static
C:/TouchGFXProjects/MyApplication/TouchGFX/target/TouchGFXHAL.cpp:176:6:virtual void TouchGFXHAL::enableLCDControllerInterrupt()	0	static
../../TouchGFX/target/TouchGFXHAL.hpp:113:18:virtual void TouchGFXHAL::flushFrameBuffer()	0	static
../../TouchGFX/target/TouchGFXHAL.hpp:35:7:virtual TouchGFXHAL::~TouchGFXHAL()	8	static
../../Middlewares/ST/touchgfx/framework/include/touchgfx/hal/HAL.hpp:1162:18:virtual void touchgfx::HAL::performDisplayOrientationChange()	8	static
../../Middlewares/ST/touchgfx/framework/include/touchgfx/hal/HAL.hpp:720:18:virtual void touchgfx::HAL::setFrameBufferStartAddresses(void*, void*, void*)	16	static
../../Middlewares/ST/touchgfx/framework/include/touchgfx/hal/HAL.hpp:156:18:virtual void touchgfx::HAL::setFrameBufferSize(uint16_t, uint16_t)	8	static
../../Middlewares/ST/touchgfx/framework/include/touchgfx/hal/HAL.hpp:320:28:virtual touchgfx::BlitOperations touchgfx::HAL::getBlitCaps()	0	static
C:/TouchGFXProjects/MyApplication/TouchGFX/target/TouchGFXHAL.cpp:188:19:long int IdleTaskHook(void*)	8	static
