C:/TouchGFXProjects/JCD/Drivers/STM32H7xx_HAL_Driver/Src/stm32h7xx_hal_ospi.c:2721:13:OSPI_DMACplt	0	static
C:/TouchGFXProjects/JCD/Drivers/STM32H7xx_HAL_Driver/Src/stm32h7xx_hal_ospi.c:2857:26:OSPI_ConfigCmd	28	static
C:/TouchGFXProjects/JCD/Drivers/STM32H7xx_HAL_Driver/Src/stm32h7xx_hal_ospi.c:2830:26:OSPI_WaitFlagStateUntilTimeout	24	static
C:/TouchGFXProjects/JCD/Drivers/STM32H7xx_HAL_Driver/Src/stm32h7xx_hal_ospi.c:474:13:HAL_OSPI_MspInit	0	static
C:/TouchGFXProjects/JCD/Drivers/STM32H7xx_HAL_Driver/Src/stm32h7xx_hal_ospi.c:342:19:HAL_OSPI_Init	32	static
C:/TouchGFXProjects/JCD/Drivers/STM32H7xx_HAL_Driver/Src/stm32h7xx_hal_ospi.c:532:13:HAL_OSPI_MspDeInit	0	static
C:/TouchGFXProjects/JCD/Drivers/STM32H7xx_HAL_Driver/Src/stm32h7xx_hal_ospi.c:489:19:HAL_OSPI_DeInit	8	static
C:/TouchGFXProjects/JCD/Drivers/STM32H7xx_HAL_Driver/Src/stm32h7xx_hal_ospi.c:803:19:HAL_OSPI_Command	32	static
C:/TouchGFXProjects/JCD/Drivers/STM32H7xx_HAL_Driver/Src/stm32h7xx_hal_ospi.c:935:19:HAL_OSPI_Command_IT	24	static
C:/TouchGFXProjects/JCD/Drivers/STM32H7xx_HAL_Driver/Src/stm32h7xx_hal_ospi.c:1025:19:HAL_OSPI_HyperbusCfg	24	static
C:/TouchGFXProjects/JCD/Drivers/STM32H7xx_HAL_Driver/Src/stm32h7xx_hal_ospi.c:1072:19:HAL_OSPI_HyperbusCmd	24	static
C:/TouchGFXProjects/JCD/Drivers/STM32H7xx_HAL_Driver/Src/stm32h7xx_hal_ospi.c:1134:19:HAL_OSPI_Transmit	32	static
C:/TouchGFXProjects/JCD/Drivers/STM32H7xx_HAL_Driver/Src/stm32h7xx_hal_ospi.c:1208:19:HAL_OSPI_Receive	32	static
C:/TouchGFXProjects/JCD/Drivers/STM32H7xx_HAL_Driver/Src/stm32h7xx_hal_ospi.c:1300:19:HAL_OSPI_Transmit_IT	0	static
C:/TouchGFXProjects/JCD/Drivers/STM32H7xx_HAL_Driver/Src/stm32h7xx_hal_ospi.c:1350:19:HAL_OSPI_Receive_IT	12	static
C:/TouchGFXProjects/JCD/Drivers/STM32H7xx_HAL_Driver/Src/stm32h7xx_hal_ospi.c:1423:19:HAL_OSPI_Transmit_DMA	24	static
C:/TouchGFXProjects/JCD/Drivers/STM32H7xx_HAL_Driver/Src/stm32h7xx_hal_ospi.c:1524:19:HAL_OSPI_Receive_DMA	32	static
C:/TouchGFXProjects/JCD/Drivers/STM32H7xx_HAL_Driver/Src/stm32h7xx_hal_ospi.c:1640:19:HAL_OSPI_AutoPolling	40	static
C:/TouchGFXProjects/JCD/Drivers/STM32H7xx_HAL_Driver/Src/stm32h7xx_hal_ospi.c:1718:19:HAL_OSPI_AutoPolling_IT	32	static
C:/TouchGFXProjects/JCD/Drivers/STM32H7xx_HAL_Driver/Src/stm32h7xx_hal_ospi.c:1793:19:HAL_OSPI_MemoryMapped	24	static
C:/TouchGFXProjects/JCD/Drivers/STM32H7xx_HAL_Driver/Src/stm32h7xx_hal_ospi.c:1846:13:HAL_OSPI_ErrorCallback	0	static
C:/TouchGFXProjects/JCD/Drivers/STM32H7xx_HAL_Driver/Src/stm32h7xx_hal_ospi.c:1861:13:HAL_OSPI_AbortCpltCallback	0	static
C:/TouchGFXProjects/JCD/Drivers/STM32H7xx_HAL_Driver/Src/stm32h7xx_hal_ospi.c:2773:13:OSPI_DMAAbortCplt	8	static
C:/TouchGFXProjects/JCD/Drivers/STM32H7xx_HAL_Driver/Src/stm32h7xx_hal_ospi.c:1876:13:HAL_OSPI_FifoThresholdCallback	0	static
C:/TouchGFXProjects/JCD/Drivers/STM32H7xx_HAL_Driver/Src/stm32h7xx_hal_ospi.c:1891:13:HAL_OSPI_CmdCpltCallback	0	static
C:/TouchGFXProjects/JCD/Drivers/STM32H7xx_HAL_Driver/Src/stm32h7xx_hal_ospi.c:1906:13:HAL_OSPI_RxCpltCallback	0	static
C:/TouchGFXProjects/JCD/Drivers/STM32H7xx_HAL_Driver/Src/stm32h7xx_hal_ospi.c:1921:14:HAL_OSPI_TxCpltCallback	0	static
C:/TouchGFXProjects/JCD/Drivers/STM32H7xx_HAL_Driver/Src/stm32h7xx_hal_ospi.c:1936:13:HAL_OSPI_RxHalfCpltCallback	0	static
C:/TouchGFXProjects/JCD/Drivers/STM32H7xx_HAL_Driver/Src/stm32h7xx_hal_ospi.c:1951:13:HAL_OSPI_TxHalfCpltCallback	0	static
C:/TouchGFXProjects/JCD/Drivers/STM32H7xx_HAL_Driver/Src/stm32h7xx_hal_ospi.c:1966:13:HAL_OSPI_StatusMatchCallback	0	static
C:/TouchGFXProjects/JCD/Drivers/STM32H7xx_HAL_Driver/Src/stm32h7xx_hal_ospi.c:1981:13:HAL_OSPI_TimeOutCallback	0	static
C:/TouchGFXProjects/JCD/Drivers/STM32H7xx_HAL_Driver/Src/stm32h7xx_hal_ospi.c:572:6:HAL_OSPI_IRQHandler	16	static
C:/TouchGFXProjects/JCD/Drivers/STM32H7xx_HAL_Driver/Src/stm32h7xx_hal_ospi.c:2232:19:HAL_OSPI_Abort	24	static
C:/TouchGFXProjects/JCD/Drivers/STM32H7xx_HAL_Driver/Src/stm32h7xx_hal_ospi.c:2300:19:HAL_OSPI_Abort_IT	8	static
C:/TouchGFXProjects/JCD/Drivers/STM32H7xx_HAL_Driver/Src/stm32h7xx_hal_ospi.c:2741:13:OSPI_DMAError	8	static
C:/TouchGFXProjects/JCD/Drivers/STM32H7xx_HAL_Driver/Src/stm32h7xx_hal_ospi.c:2378:19:HAL_OSPI_SetFifoThreshold	0	static
C:/TouchGFXProjects/JCD/Drivers/STM32H7xx_HAL_Driver/Src/stm32h7xx_hal_ospi.c:2406:10:HAL_OSPI_GetFifoThreshold	0	static
C:/TouchGFXProjects/JCD/Drivers/STM32H7xx_HAL_Driver/Src/stm32h7xx_hal_ospi.c:2416:19:HAL_OSPI_SetTimeout	0	static
C:/TouchGFXProjects/JCD/Drivers/STM32H7xx_HAL_Driver/Src/stm32h7xx_hal_ospi.c:2427:10:HAL_OSPI_GetError	0	static
C:/TouchGFXProjects/JCD/Drivers/STM32H7xx_HAL_Driver/Src/stm32h7xx_hal_ospi.c:2437:10:HAL_OSPI_GetState	0	static
C:/TouchGFXProjects/JCD/Drivers/STM32H7xx_HAL_Driver/Src/stm32h7xx_hal_ospi.c:2469:19:HAL_OSPIM_Config	104	static
