C:/TouchGFXProjects/JCD/Middlewares/Third_Party/LwIP/src/core/dns.c:942:1:dns_call_found	24	static
C:/TouchGFXProjects/JCD/Middlewares/Third_Party/LwIP/src/core/dns.c:748:1:dns_send.isra	64	static
C:/TouchGFXProjects/JCD/Middlewares/Third_Party/LwIP/src/core/dns.c:1047:1:dns_check_entry	16	static
C:/TouchGFXProjects/JCD/Middlewares/Third_Party/LwIP/src/core/dns.c:1170:1:dns_recv	80	static
C:/TouchGFXProjects/JCD/Middlewares/Third_Party/LwIP/src/core/dns.c:315:1:dns_init	0	static
C:/TouchGFXProjects/JCD/Middlewares/Third_Party/LwIP/src/core/dns.c:361:1:dns_setserver	0	static
C:/TouchGFXProjects/JCD/Middlewares/Third_Party/LwIP/src/core/dns.c:381:1:dns_getserver	0	static
C:/TouchGFXProjects/JCD/Middlewares/Third_Party/LwIP/src/core/dns.c:395:1:dns_tmr	8	static
C:/TouchGFXProjects/JCD/Middlewares/Third_Party/LwIP/src/core/dns.c:1547:1:dns_gethostbyname_addrtype	48	static
C:/TouchGFXProjects/JCD/Middlewares/Third_Party/LwIP/src/core/dns.c:1526:1:dns_gethostbyname	16	static
