C:/TouchGFXProjects/stunning-parakeet/Core/Src/main.c:1011:6:StartDefaultTask	8	static
C:/TouchGFXProjects/stunning-parakeet/Core/Src/main.c:230:6:SystemClock_Config	120	static
C:/TouchGFXProjects/stunning-parakeet/Core/Src/main.c:288:6:PeriphCommonClock_Config	192	static
C:/TouchGFXProjects/stunning-parakeet/Core/Src/main.c:115:5:main	144	static,ignoring_inline_asm
C:/TouchGFXProjects/stunning-parakeet/Core/Src/main.c:1100:6:HAL_TIM_PeriodElapsedCallback	0	static
C:/TouchGFXProjects/stunning-parakeet/Core/Src/main.c:1117:6:Error_Handler	0	static
