C:/TouchGFXProjects/stunning-parakeet/Core/Src/main.c:928:6:StartDefaultTask	1
C:/TouchGFXProjects/stunning-parakeet/Core/Src/main.c:151:6:HAL_UART_RxTimeoutCallback	20
C:/TouchGFXProjects/stunning-parakeet/Core/Src/main.c:193:5:parseData	3
C:/TouchGFXProjects/stunning-parakeet/Core/Src/main.c:138:13:ParseTask	2
C:/TouchGFXProjects/stunning-parakeet/Core/Src/main.c:357:6:SystemClock_Config	2
C:/TouchGFXProjects/stunning-parakeet/Core/Src/main.c:415:6:PeriphCommonClock_Config	1
C:/TouchGFXProjects/stunning-parakeet/Core/Src/main.c:240:5:main	5
C:/TouchGFXProjects/stunning-parakeet/Core/Src/main.c:907:5:__io_putchar	1
C:/TouchGFXProjects/stunning-parakeet/Core/Src/main.c:913:5:__io_getchar	1
C:/TouchGFXProjects/stunning-parakeet/Core/Src/main.c:1017:6:HAL_TIM_PeriodElapsedCallback	2
C:/TouchGFXProjects/stunning-parakeet/Core/Src/main.c:1034:6:Error_Handler	1
