C:/TouchGFXProjects/stunning-parakeet/Core/Src/main.c:852:6:StartDefaultTask	1
C:/TouchGFXProjects/stunning-parakeet/Core/Src/main.c:144:6:parseData	2
C:/TouchGFXProjects/stunning-parakeet/Core/Src/main.c:126:6:HAL_UART_RxCpltCallback	2
C:/TouchGFXProjects/stunning-parakeet/Core/Src/main.c:164:6:HAL_UART_IDLECallback	2
C:/TouchGFXProjects/stunning-parakeet/Core/Src/main.c:296:6:SystemClock_Config	2
C:/TouchGFXProjects/stunning-parakeet/Core/Src/main.c:354:6:PeriphCommonClock_Config	1
C:/TouchGFXProjects/stunning-parakeet/Core/Src/main.c:181:5:main	5
C:/TouchGFXProjects/stunning-parakeet/Core/Src/main.c:941:6:HAL_TIM_PeriodElapsedCallback	2
C:/TouchGFXProjects/stunning-parakeet/Core/Src/main.c:958:6:Error_Handler	1
