C:/TouchGFXProjects/stunning-parakeet/Core/Src/stm32h7xx_hal_msp.c:65:6:HAL_MspInit	8	static
C:/TouchGFXProjects/stunning-parakeet/Core/Src/stm32h7xx_hal_msp.c:89:6:HAL_CRC_MspInit	8	static
C:/TouchGFXProjects/stunning-parakeet/Core/Src/stm32h7xx_hal_msp.c:111:6:HAL_CRC_MspDeInit	0	static
C:/TouchGFXProjects/stunning-parakeet/Core/Src/stm32h7xx_hal_msp.c:133:6:HAL_DMA2D_MspInit	16	static
C:/TouchGFXProjects/stunning-parakeet/Core/Src/stm32h7xx_hal_msp.c:158:6:HAL_DMA2D_MspDeInit	0	static
C:/TouchGFXProjects/stunning-parakeet/Core/Src/stm32h7xx_hal_msp.c:183:6:HAL_LTDC_MspInit	264	static
C:/TouchGFXProjects/stunning-parakeet/Core/Src/stm32h7xx_hal_msp.c:330:6:HAL_LTDC_MspDeInit	8	static
C:/TouchGFXProjects/stunning-parakeet/Core/Src/stm32h7xx_hal_msp.c:403:6:HAL_OSPI_MspInit	96	static
C:/TouchGFXProjects/stunning-parakeet/Core/Src/stm32h7xx_hal_msp.c:551:6:HAL_OSPI_MspDeInit	8	static
C:/TouchGFXProjects/stunning-parakeet/Core/Src/stm32h7xx_hal_msp.c:637:6:HAL_UART_MspInit	240	static
C:/TouchGFXProjects/stunning-parakeet/Core/Src/stm32h7xx_hal_msp.c:740:6:HAL_UART_MspDeInit	8	static
