../../Middlewares/ST/touchgfx/framework/include/touchgfx/Screen.hpp:104:18:virtual void touchgfx::Screen::afterTransition()	0	static
../../Middlewares/ST/touchgfx/framework/include/touchgfx/Screen.hpp:144:18:virtual void touchgfx::Screen::handleTickEvent()	0	static
../../Middlewares/ST/touchgfx/framework/include/touchgfx/Screen.hpp:154:18:virtual void touchgfx::Screen::handleKeyEvent(uint8_t)	0	static
C:/TouchGFXProjects/JCD/TouchGFX/gui/src/comfirm_screen/COMFIRMView.cpp:13:6:virtual void COMFIRMView::tearDownScreen()	0	static
../../TouchGFX/gui/include/gui/comfirm_screen/COMFIRMView.hpp:11:13:COMFIRMView::~COMFIRMView()	8	static
../../TouchGFX/gui/include/gui/comfirm_screen/COMFIRMView.hpp:11:13:virtual COMFIRMView::~COMFIRMView()	8	static
C:/TouchGFXProjects/JCD/TouchGFX/gui/src/comfirm_screen/COMFIRMView.cpp:3:1:COMFIRMView::COMFIRMView()	8	static
C:/TouchGFXProjects/JCD/TouchGFX/gui/src/comfirm_screen/COMFIRMView.cpp:8:6:virtual void COMFIRMView::setupScreen()	0	static
