../../Middlewares/ST/touchgfx/framework/include/touchgfx/Drawable.hpp:315:18:virtual void touchgfx::Drawable::setX(int16_t)	0	static
../../Middlewares/ST/touchgfx/framework/include/touchgfx/Drawable.hpp:327:18:virtual void touchgfx::Drawable::setY(int16_t)	0	static
../../Middlewares/ST/touchgfx/framework/include/touchgfx/Drawable.hpp:356:18:virtual void touchgfx::Drawable::setWidth(int16_t)	0	static
../../Middlewares/ST/touchgfx/framework/include/touchgfx/Drawable.hpp:368:18:virtual void touchgfx::Drawable::setHeight(int16_t)	0	static
../../Middlewares/ST/touchgfx/framework/include/touchgfx/Drawable.hpp:378:18:virtual void touchgfx::Drawable::childGeometryChanged()	0	static
../../Middlewares/ST/touchgfx/framework/include/touchgfx/Drawable.hpp:389:18:virtual void touchgfx::Drawable::handleClickEvent(const touchgfx::ClickEvent&)	0	static
../../Middlewares/ST/touchgfx/framework/include/touchgfx/Drawable.hpp:401:18:virtual void touchgfx::Drawable::handleGestureEvent(const touchgfx::GestureEvent&)	0	static
../../Middlewares/ST/touchgfx/framework/include/touchgfx/Drawable.hpp:490:18:virtual void touchgfx::Drawable::handleDragEvent(const touchgfx::DragEvent&)	0	static
../../Middlewares/ST/touchgfx/framework/include/touchgfx/Drawable.hpp:501:18:virtual void touchgfx::Drawable::handleTickEvent()	0	static
../../Middlewares/ST/touchgfx/framework/include/touchgfx/Drawable.hpp:588:18:virtual void touchgfx::Drawable::moveTo(int16_t, int16_t)	4	static
../../Middlewares/ST/touchgfx/framework/include/touchgfx/containers/Container.hpp:165:23:virtual touchgfx::Drawable* touchgfx::Container::getFirstChild()	0	static
../../TouchGFX/gui/include/gui/containers/CustomListElement.hpp:17:13:CustomListElement::~CustomListElement()	8	static
../../TouchGFX/gui/include/gui/containers/CustomListElement.hpp:17:13:virtual CustomListElement::~CustomListElement()	8	static
../../Middlewares/ST/touchgfx/framework/include/touchgfx/Drawable.hpp:121:18:virtual void touchgfx::Drawable::invalidateContent() const	0	static
C:/TouchGFXProjects/stunning-parakeet/TouchGFX/gui/src/containers/CustomListElement.cpp:45:6:virtual void CustomListElement::callBusAction()	8	static
C:/TouchGFXProjects/stunning-parakeet/TouchGFX/gui/src/containers/CustomListElement.cpp:6:1:CustomListElement::CustomListElement()	8	static
C:/TouchGFXProjects/stunning-parakeet/TouchGFX/gui/src/containers/CustomListElement.cpp:11:1:CustomListElement::CustomListElement(const touchgfx::Bitmap&, touchgfx::Unicode::UnicodeChar*, touchgfx::Unicode::UnicodeChar*)	8	static
C:/TouchGFXProjects/stunning-parakeet/TouchGFX/gui/src/containers/CustomListElement.cpp:20:6:void CustomListElement::setupListElement(const touchgfx::Bitmap&, touchgfx::Unicode::UnicodeChar*, touchgfx::Unicode::UnicodeChar*)	0	static
C:/TouchGFXProjects/stunning-parakeet/TouchGFX/gui/src/containers/CustomListElement.cpp:39:6:void CustomListElement::setAction(touchgfx::GenericCallback<CustomListElement&>&)	0	static
C:/TouchGFXProjects/stunning-parakeet/TouchGFX/gui/src/containers/CustomListElement.cpp:25:6:void CustomListElement::setupListElement(const touchgfx::Bitmap&, const char*, const char*)	24	static
C:/TouchGFXProjects/stunning-parakeet/TouchGFX/gui/src/containers/CustomListElement.cpp:16:1:CustomListElement::CustomListElement(const touchgfx::Bitmap&, const char*, const char*)	24	static
