../../Middlewares/ST/touchgfx/framework/include/touchgfx/Drawable.hpp:315:18:virtual void touchgfx::Drawable::setX(int16_t)	0	static
../../Middlewares/ST/touchgfx/framework/include/touchgfx/Drawable.hpp:327:18:virtual void touchgfx::Drawable::setY(int16_t)	0	static
../../Middlewares/ST/touchgfx/framework/include/touchgfx/Drawable.hpp:356:18:virtual void touchgfx::Drawable::setWidth(int16_t)	0	static
../../Middlewares/ST/touchgfx/framework/include/touchgfx/Drawable.hpp:368:18:virtual void touchgfx::Drawable::setHeight(int16_t)	0	static
../../Middlewares/ST/touchgfx/framework/include/touchgfx/Drawable.hpp:378:18:virtual void touchgfx::Drawable::childGeometryChanged()	0	static
../../Middlewares/ST/touchgfx/framework/include/touchgfx/Drawable.hpp:389:18:virtual void touchgfx::Drawable::handleClickEvent(const touchgfx::ClickEvent&)	0	static
../../Middlewares/ST/touchgfx/framework/include/touchgfx/Drawable.hpp:401:18:virtual void touchgfx::Drawable::handleGestureEvent(const touchgfx::GestureEvent&)	0	static
../../Middlewares/ST/touchgfx/framework/include/touchgfx/Drawable.hpp:490:18:virtual void touchgfx::Drawable::handleDragEvent(const touchgfx::DragEvent&)	0	static
../../Middlewares/ST/touchgfx/framework/include/touchgfx/Drawable.hpp:501:18:virtual void touchgfx::Drawable::handleTickEvent()	0	static
../../Middlewares/ST/touchgfx/framework/include/touchgfx/Drawable.hpp:588:18:virtual void touchgfx::Drawable::moveTo(int16_t, int16_t)	4	static
../../Middlewares/ST/touchgfx/framework/include/touchgfx/containers/Container.hpp:165:23:virtual touchgfx::Drawable* touchgfx::Container::getFirstChild()	0	static
../../Middlewares/ST/touchgfx/framework/include/touchgfx/TypedText.hpp:65:13:touchgfx::TypedText::~TypedText()	0	static
../../Middlewares/ST/touchgfx/framework/include/touchgfx/TypedText.hpp:65:13:virtual touchgfx::TypedText::~TypedText()	8	static
../../TouchGFX/gui/include/gui/containers/CustomListElement.hpp:14:13:CustomListElement::~CustomListElement()	8	static
../../TouchGFX/gui/include/gui/containers/CustomListElement.hpp:14:13:virtual CustomListElement::~CustomListElement()	8	static
../../Middlewares/ST/touchgfx/framework/include/touchgfx/Drawable.hpp:121:18:virtual void touchgfx::Drawable::invalidateContent() const	0	static
C:/TouchGFXProjects/stunning-parakeet/TouchGFX/gui/src/containers/CustomListElement.cpp:50:6:virtual void CustomListElement::callBusAction()	8	static
C:/TouchGFXProjects/stunning-parakeet/TouchGFX/gui/src/containers/CustomListElement.cpp:4:1:CustomListElement::CustomListElement()	8	static
C:/TouchGFXProjects/stunning-parakeet/TouchGFX/gui/src/containers/CustomListElement.cpp:37:6:void CustomListElement::setAction(touchgfx::GenericCallback<CustomListElement&>&)	0	static
C:/TouchGFXProjects/stunning-parakeet/TouchGFX/gui/src/containers/CustomListElement.cpp:42:13:const char* CustomListElement::getBusLineNumber() const	8	static
C:/TouchGFXProjects/stunning-parakeet/TouchGFX/gui/src/containers/CustomListElement.cpp:9:6:void CustomListElement::setupListElement(const touchgfx::Bitmap&, touchgfx::Unicode::UnicodeChar*, touchgfx::Unicode::UnicodeChar*)	32	static
C:/TouchGFXProjects/stunning-parakeet/TouchGFX/gui/src/containers/CustomListElement.cpp:27:6:void CustomListElement::setupListElement(const touchgfx::Bitmap&, const char*, const char*)	152	static
