../../Middlewares/ST/touchgfx/framework/include/touchgfx/Screen.hpp:104:18:virtual void touchgfx::Screen::afterTransition()	0	static
../../Middlewares/ST/touchgfx/framework/include/touchgfx/Screen.hpp:144:18:virtual void touchgfx::Screen::handleTickEvent()	0	static
../../Middlewares/ST/touchgfx/framework/include/touchgfx/Screen.hpp:154:18:virtual void touchgfx::Screen::handleKeyEvent(uint8_t)	0	static
C:/TouchGFXProjects/JCD/TouchGFX/gui/src/home_screen/HOMEView.cpp:13:6:virtual void HOMEView::tearDownScreen()	0	static
../../TouchGFX/gui/include/gui/home_screen/HOMEView.hpp:11:13:HOMEView::~HOMEView()	8	static
../../TouchGFX/gui/include/gui/home_screen/HOMEView.hpp:11:13:virtual HOMEView::~HOMEView()	8	static
C:/TouchGFXProjects/JCD/TouchGFX/gui/src/home_screen/HOMEView.cpp:3:1:HOMEView::HOMEView()	8	static
C:/TouchGFXProjects/JCD/TouchGFX/gui/src/home_screen/HOMEView.cpp:8:6:virtual void HOMEView::setupScreen()	0	static
