../../TouchGFX/gui/include/gui/home_screen/HOMEPresenter.hpp:28:13:HOMEPresenter::~HOMEPresenter()	0	static
C:/TouchGFXProjects/JCD/TouchGFX/gui/src/home_screen/HOMEPresenter.cpp:10:6:virtual void HOMEPresenter::activate()	0	static
../../TouchGFX/gui/include/gui/home_screen/HOMEPresenter.hpp:28:13:virtual HOMEPresenter::~HOMEPresenter()	8	static
../../TouchGFX/gui/include/gui/home_screen/HOMEPresenter.hpp:28:13:virtual void* HOMEPresenter::_ZThn4_N13HOMEPresenterD1Ev()	0	static
C:/TouchGFXProjects/JCD/TouchGFX/gui/src/home_screen/HOMEPresenter.cpp:4:1:HOMEPresenter::HOMEPresenter(HOMEView&)	0	static
