../../Middlewares/ST/touchgfx/framework/include/touchgfx/Screen.hpp:104:18:virtual void touchgfx::Screen::afterTransition()	0	static
../../Middlewares/ST/touchgfx/framework/include/touchgfx/Screen.hpp:144:18:virtual void touchgfx::Screen::handleTickEvent()	0	static
../../Middlewares/ST/touchgfx/framework/include/touchgfx/Screen.hpp:154:18:virtual void touchgfx::Screen::handleKeyEvent(uint8_t)	0	static
C:/TouchGFXProjects/stunning-parakeet/TouchGFX/gui/src/main_screen/MainView.cpp:33:6:virtual void MainView::tearDownScreen()	0	static
../../Middlewares/ST/touchgfx/framework/include/touchgfx/Callback.hpp:357:8:touchgfx::Callback<MainView, CustomListElement&>::~Callback()	0	static
../../Middlewares/ST/touchgfx/framework/include/touchgfx/Callback.hpp:386:18:void touchgfx::Callback<dest_type, T1, void, void>::execute(T1) [with dest_type = MainView; T1 = CustomListElement&]	8	static
../../Middlewares/ST/touchgfx/framework/include/touchgfx/Callback.hpp:396:18:bool touchgfx::Callback<dest_type, T1, void, void>::isValid() const [with dest_type = MainView; T1 = CustomListElement&]	0	static
../../Middlewares/ST/touchgfx/framework/include/touchgfx/Callback.hpp:357:8:virtual touchgfx::Callback<MainView, CustomListElement&>::~Callback()	8	static
C:/TouchGFXProjects/stunning-parakeet/TouchGFX/gui/src/main_screen/MainView.cpp:38:6:void MainView::listElementClicked(CustomListElement&)	8	static
../../TouchGFX/gui/include/gui/main_screen/MainView.hpp:18:13:MainView::~MainView()	16	static
../../TouchGFX/gui/include/gui/main_screen/MainView.hpp:18:13:virtual MainView::~MainView()	8	static
C:/TouchGFXProjects/stunning-parakeet/TouchGFX/gui/src/main_screen/MainView.cpp:14:1:MainView::MainView()	16	static
C:/TouchGFXProjects/stunning-parakeet/TouchGFX/gui/src/main_screen/MainView.cpp:45:6:void MainView::updateBusInfo()	0	static
C:/TouchGFXProjects/stunning-parakeet/TouchGFX/gui/src/main_screen/MainView.cpp:20:6:virtual void MainView::setupScreen()	24	static
C:/TouchGFXProjects/stunning-parakeet/TouchGFX/gui/src/main_screen/MainView.cpp:50:6:void MainView::setBusInfo(const BusInfo&)	56	static
